// Jest Snapshot v1, https://goo.gl/fbAQLP

exports[`Test custom ingestion nested stack 1`] = `
{
  "Conditions": {
    "AwsCdkKinesisEncryptedStreamsUnsupportedRegions": {
      "Fn::Or": [
        {
          "Fn::Equals": [
            {
              "Ref": "AWS::Region",
            },
            "cn-north-1",
          ],
        },
        {
          "Fn::Equals": [
            {
              "Ref": "AWS::Region",
            },
            "cn-northwest-1",
          ],
        },
      ],
    },
  },
  "Parameters": {
    "AssetParameters1abc0fc8c8d9ecaa933fa5a28b2250fd168e9adc879df30b7edc099776a4a4b7ArtifactHashD52197FF": {
      "Description": "Artifact hash for asset "1abc0fc8c8d9ecaa933fa5a28b2250fd168e9adc879df30b7edc099776a4a4b7"",
      "Type": "String",
    },
    "AssetParameters1abc0fc8c8d9ecaa933fa5a28b2250fd168e9adc879df30b7edc099776a4a4b7S3Bucket9E565654": {
      "Description": "S3 bucket for asset "1abc0fc8c8d9ecaa933fa5a28b2250fd168e9adc879df30b7edc099776a4a4b7"",
      "Type": "String",
    },
    "AssetParameters1abc0fc8c8d9ecaa933fa5a28b2250fd168e9adc879df30b7edc099776a4a4b7S3VersionKey57F7B07B": {
      "Description": "S3 key for asset version "1abc0fc8c8d9ecaa933fa5a28b2250fd168e9adc879df30b7edc099776a4a4b7"",
      "Type": "String",
    },
    "AssetParameters52da8d6f3623417d24416267c50cbf9094db8cebbff1e3139e545620c38312beArtifactHash3B86D530": {
      "Description": "Artifact hash for asset "52da8d6f3623417d24416267c50cbf9094db8cebbff1e3139e545620c38312be"",
      "Type": "String",
    },
    "AssetParameters52da8d6f3623417d24416267c50cbf9094db8cebbff1e3139e545620c38312beS3Bucket3B125BBB": {
      "Description": "S3 bucket for asset "52da8d6f3623417d24416267c50cbf9094db8cebbff1e3139e545620c38312be"",
      "Type": "String",
    },
    "AssetParameters52da8d6f3623417d24416267c50cbf9094db8cebbff1e3139e545620c38312beS3VersionKey64BA2168": {
      "Description": "S3 key for asset version "52da8d6f3623417d24416267c50cbf9094db8cebbff1e3139e545620c38312be"",
      "Type": "String",
    },
  },
  "Resources": {
    "BusEA82B648": {
      "Properties": {
        "Name": "Bus",
      },
      "Type": "AWS::Events::EventBus",
    },
    "Stream790BDEE4": {
      "Properties": {
        "RetentionPeriodHours": 24,
        "ShardCount": 1,
        "StreamEncryption": {
          "Fn::If": [
            "AwsCdkKinesisEncryptedStreamsUnsupportedRegions",
            {
              "Ref": "AWS::NoValue",
            },
            {
              "EncryptionType": "KMS",
              "KeyId": "alias/aws/kinesis",
            },
          ],
        },
        "StreamModeDetails": {
          "StreamMode": "PROVISIONED",
        },
      },
      "Type": "AWS::Kinesis::Stream",
    },
    "testS3EventNestedStacktestS3EventNestedStackResource0A9F329B": {
      "DeletionPolicy": "Delete",
      "Properties": {
        "Parameters": {
          "EventBus": {
            "Fn::GetAtt": [
              "BusEA82B648",
              "Arn",
            ],
          },
          "StreamARN": {
            "Fn::GetAtt": [
              "Stream790BDEE4",
              "Arn",
            ],
          },
          "referencetoAssetParameters1abc0fc8c8d9ecaa933fa5a28b2250fd168e9adc879df30b7edc099776a4a4b7S3Bucket9E565654Ref": {
            "Ref": "AssetParameters1abc0fc8c8d9ecaa933fa5a28b2250fd168e9adc879df30b7edc099776a4a4b7S3Bucket9E565654",
          },
          "referencetoAssetParameters1abc0fc8c8d9ecaa933fa5a28b2250fd168e9adc879df30b7edc099776a4a4b7S3VersionKey57F7B07BRef": {
            "Ref": "AssetParameters1abc0fc8c8d9ecaa933fa5a28b2250fd168e9adc879df30b7edc099776a4a4b7S3VersionKey57F7B07B",
          },
        },
        "TemplateURL": {
          "Fn::Join": [
            "",
            [
              "https://s3.",
              {
                "Ref": "AWS::Region",
              },
              ".",
              {
                "Ref": "AWS::URLSuffix",
              },
              "/",
              {
                "Ref": "AssetParameters52da8d6f3623417d24416267c50cbf9094db8cebbff1e3139e545620c38312beS3Bucket3B125BBB",
              },
              "/",
              {
                "Fn::Select": [
                  0,
                  {
                    "Fn::Split": [
                      "||",
                      {
                        "Ref": "AssetParameters52da8d6f3623417d24416267c50cbf9094db8cebbff1e3139e545620c38312beS3VersionKey64BA2168",
                      },
                    ],
                  },
                ],
              },
              {
                "Fn::Select": [
                  1,
                  {
                    "Fn::Split": [
                      "||",
                      {
                        "Ref": "AssetParameters52da8d6f3623417d24416267c50cbf9094db8cebbff1e3139e545620c38312beS3VersionKey64BA2168",
                      },
                    ],
                  },
                ],
              },
            ],
          ],
        },
      },
      "Type": "AWS::CloudFormation::Stack",
      "UpdateReplacePolicy": "Delete",
    },
  },
}
`;
