// Jest Snapshot v1, https://goo.gl/fbAQLP

exports[`test ingestion stack 1`] = `{}`;
