// Jest Snapshot v1, https://goo.gl/fbAQLP

exports[`test workflow stack 1`] = `
Object {
  "Resources": Object {
    "ModerationLabelsTableCfnmoderationlabel0F6DAF4F": Object {
      "Properties": Object {
        "CatalogId": Object {
          "Ref": "AWS::AccountId",
        },
        "DatabaseName": Object {
          "Ref": "TestDB27CDA92F",
        },
        "TableInput": Object {
          "Description": "A table created with partition projection for moderationlabel",
          "Name": "moderationlabel",
          "Parameters": Object {
            "classification": "parquet",
            "has_encryped_data": false,
            "projection.created_at.format": "yyyy-MM-dd",
            "projection.created_at.range": "NOW-45DAYS,NOW",
            "projection.created_at.type": "date",
            "projection.enabled": "TRUE",
          },
          "PartitionKeys": Array [
            Object {
              "Name": "created_at",
              "Type": "timestamp",
            },
          ],
          "StorageDescriptor": Object {
            "Columns": Array [
              Object {
                "Name": "account_name",
                "Type": "string",
              },
              Object {
                "Name": "platform",
                "Type": "string",
              },
              Object {
                "Name": "search_query",
                "Type": "string",
              },
              Object {
                "Name": "id_str",
                "Type": "string",
              },
              Object {
                "Name": "image_url",
                "Type": "string",
              },
              Object {
                "Name": "label_name",
                "Type": "string",
              },
              Object {
                "Name": "confidence",
                "Type": "double",
              },
            ],
            "Compressed": false,
            "InputFormat": "org.apache.hadoop.hive.ql.io.parquet.MapredParquetInputFormat",
            "Location": Object {
              "Fn::Join": Array [
                "",
                Array [
                  "s3://",
                  Object {
                    "Ref": "TestBucket560B80BC",
                  },
                  "/moderationlabel/",
                ],
              ],
            },
            "OutputFormat": "org.apache.hadoop.hive.ql.io.parquet.MapredParquetOutputFormat",
            "SerdeInfo": Object {
              "SerializationLibrary": "org.apache.hadoop.hive.ql.io.parquet.serde.ParquetHiveSerDe",
            },
            "StoredAsSubDirectories": true,
          },
          "TableType": "EXTERNAL_TABLE",
        },
      },
      "Type": "AWS::Glue::Table",
    },
    "TestBucket560B80BC": Object {
      "DeletionPolicy": "Retain",
      "Type": "AWS::S3::Bucket",
      "UpdateReplacePolicy": "Retain",
    },
    "TestDB27CDA92F": Object {
      "Properties": Object {
        "CatalogId": Object {
          "Ref": "AWS::AccountId",
        },
        "DatabaseInput": Object {
          "Name": "socialmediadb",
        },
      },
      "Type": "AWS::Glue::Database",
    },
  },
}
`;
