// Jest Snapshot v1, https://goo.gl/fbAQLP

exports[`test QuickSight stackCreation 1`] = `
{
  "Parameters": {
    "AssetParameters893d3d17a9ea7f758c4fdc7f759bd097f79be45a689e045f41a4e9fee4505983ArtifactHashDAFBAA66": {
      "Description": "Artifact hash for asset "893d3d17a9ea7f758c4fdc7f759bd097f79be45a689e045f41a4e9fee4505983"",
      "Type": "String",
    },
    "AssetParameters893d3d17a9ea7f758c4fdc7f759bd097f79be45a689e045f41a4e9fee4505983S3BucketF9096890": {
      "Description": "S3 bucket for asset "893d3d17a9ea7f758c4fdc7f759bd097f79be45a689e045f41a4e9fee4505983"",
      "Type": "String",
    },
    "AssetParameters893d3d17a9ea7f758c4fdc7f759bd097f79be45a689e045f41a4e9fee4505983S3VersionKey75261D6C": {
      "Description": "S3 key for asset version "893d3d17a9ea7f758c4fdc7f759bd097f79be45a689e045f41a4e9fee4505983"",
      "Type": "String",
    },
    "AssetParametersa4a969e8f5b7560ebda77b9484dd324d83e66d5b9fb9785a80d9bc5634afe652ArtifactHash0DD1EA80": {
      "Description": "Artifact hash for asset "a4a969e8f5b7560ebda77b9484dd324d83e66d5b9fb9785a80d9bc5634afe652"",
      "Type": "String",
    },
    "AssetParametersa4a969e8f5b7560ebda77b9484dd324d83e66d5b9fb9785a80d9bc5634afe652S3BucketE1BF2494": {
      "Description": "S3 bucket for asset "a4a969e8f5b7560ebda77b9484dd324d83e66d5b9fb9785a80d9bc5634afe652"",
      "Type": "String",
    },
    "AssetParametersa4a969e8f5b7560ebda77b9484dd324d83e66d5b9fb9785a80d9bc5634afe652S3VersionKeyCA6572DD": {
      "Description": "S3 key for asset version "a4a969e8f5b7560ebda77b9484dd324d83e66d5b9fb9785a80d9bc5634afe652"",
      "Type": "String",
    },
  },
  "Resources": {
    "testQuickSightNestedStacktestQuickSightNestedStackResource61E1F713": {
      "DeletionPolicy": "Delete",
      "Properties": {
        "Parameters": {
          "ParentStackName": {
            "Ref": "AWS::StackName",
          },
          "QuickSightPrincipalArn": "arn:aws:quicksight:us-east-1:fakeaccount:user/namespace/fakeuser",
          "QuickSightSourceTemplateArn": "arn:aws:quicksight:us-east-1:fakeaccount:template/template-name",
          "S3AccessLogBucket": "arn:aws:s3:::fakebucketforaccesslogging",
          "SolutionID": "SO0122",
          "SolutionName": "Discovering-Hot-Topics-QS-Dashboard",
          "referencetoAssetParameters893d3d17a9ea7f758c4fdc7f759bd097f79be45a689e045f41a4e9fee4505983S3BucketF9096890Ref": {
            "Ref": "AssetParameters893d3d17a9ea7f758c4fdc7f759bd097f79be45a689e045f41a4e9fee4505983S3BucketF9096890",
          },
          "referencetoAssetParameters893d3d17a9ea7f758c4fdc7f759bd097f79be45a689e045f41a4e9fee4505983S3VersionKey75261D6CRef": {
            "Ref": "AssetParameters893d3d17a9ea7f758c4fdc7f759bd097f79be45a689e045f41a4e9fee4505983S3VersionKey75261D6C",
          },
        },
        "TemplateURL": {
          "Fn::Join": [
            "",
            [
              "https://s3.",
              {
                "Ref": "AWS::Region",
              },
              ".",
              {
                "Ref": "AWS::URLSuffix",
              },
              "/",
              {
                "Ref": "AssetParametersa4a969e8f5b7560ebda77b9484dd324d83e66d5b9fb9785a80d9bc5634afe652S3BucketE1BF2494",
              },
              "/",
              {
                "Fn::Select": [
                  0,
                  {
                    "Fn::Split": [
                      "||",
                      {
                        "Ref": "AssetParametersa4a969e8f5b7560ebda77b9484dd324d83e66d5b9fb9785a80d9bc5634afe652S3VersionKeyCA6572DD",
                      },
                    ],
                  },
                ],
              },
              {
                "Fn::Select": [
                  1,
                  {
                    "Fn::Split": [
                      "||",
                      {
                        "Ref": "AssetParametersa4a969e8f5b7560ebda77b9484dd324d83e66d5b9fb9785a80d9bc5634afe652S3VersionKeyCA6572DD",
                      },
                    ],
                  },
                ],
              },
            ],
          ],
        },
      },
      "Type": "AWS::CloudFormation::Stack",
      "UpdateReplacePolicy": "Delete",
    },
  },
}
`;
