// Jest Snapshot v1, https://goo.gl/fbAQLP

exports[`test reddit ingestion stack 1`] = `
{
  "Conditions": {
    "AwsCdkKinesisEncryptedStreamsUnsupportedRegions": {
      "Fn::Or": [
        {
          "Fn::Equals": [
            {
              "Ref": "AWS::Region",
            },
            "cn-north-1",
          ],
        },
        {
          "Fn::Equals": [
            {
              "Ref": "AWS::Region",
            },
            "cn-northwest-1",
          ],
        },
      ],
    },
  },
  "Parameters": {
    "AssetParameters054cb1e445342f40cca00b9a91cd16d3515c346e6d8c2c2fcc90df1287112fcaArtifactHashB57AF0DB": {
      "Description": "Artifact hash for asset "054cb1e445342f40cca00b9a91cd16d3515c346e6d8c2c2fcc90df1287112fca"",
      "Type": "String",
    },
    "AssetParameters054cb1e445342f40cca00b9a91cd16d3515c346e6d8c2c2fcc90df1287112fcaS3Bucket2AC17F32": {
      "Description": "S3 bucket for asset "054cb1e445342f40cca00b9a91cd16d3515c346e6d8c2c2fcc90df1287112fca"",
      "Type": "String",
    },
    "AssetParameters054cb1e445342f40cca00b9a91cd16d3515c346e6d8c2c2fcc90df1287112fcaS3VersionKey5C9A8948": {
      "Description": "S3 key for asset version "054cb1e445342f40cca00b9a91cd16d3515c346e6d8c2c2fcc90df1287112fca"",
      "Type": "String",
    },
    "AssetParametersa9398e7cb0666fe22137031df2cb407da83ec58860a26c9fd2460acc940df504ArtifactHash1E6D23A4": {
      "Description": "Artifact hash for asset "a9398e7cb0666fe22137031df2cb407da83ec58860a26c9fd2460acc940df504"",
      "Type": "String",
    },
    "AssetParametersa9398e7cb0666fe22137031df2cb407da83ec58860a26c9fd2460acc940df504S3Bucket1CD04397": {
      "Description": "S3 bucket for asset "a9398e7cb0666fe22137031df2cb407da83ec58860a26c9fd2460acc940df504"",
      "Type": "String",
    },
    "AssetParametersa9398e7cb0666fe22137031df2cb407da83ec58860a26c9fd2460acc940df504S3VersionKey7872D359": {
      "Description": "S3 key for asset version "a9398e7cb0666fe22137031df2cb407da83ec58860a26c9fd2460acc940df504"",
      "Type": "String",
    },
  },
  "Resources": {
    "BusEA82B648": {
      "Properties": {
        "Name": "Bus",
      },
      "Type": "AWS::Events::EventBus",
    },
    "Stream790BDEE4": {
      "Properties": {
        "RetentionPeriodHours": 24,
        "ShardCount": 1,
        "StreamEncryption": {
          "Fn::If": [
            "AwsCdkKinesisEncryptedStreamsUnsupportedRegions",
            {
              "Ref": "AWS::NoValue",
            },
            {
              "EncryptionType": "KMS",
              "KeyId": "alias/aws/kinesis",
            },
          ],
        },
        "StreamModeDetails": {
          "StreamMode": "PROVISIONED",
        },
      },
      "Type": "AWS::Kinesis::Stream",
    },
    "testredditingestionNestedStacktestredditingestionNestedStackResourceE8B6AADB": {
      "DeletionPolicy": "Delete",
      "Properties": {
        "Parameters": {
          "EventBus": {
            "Fn::GetAtt": [
              "BusEA82B648",
              "Arn",
            ],
          },
          "RedditAPIKey": "/fakelocation/reddit/comments",
          "RedditIngestionFrequency": "cron(0/60 * * * ? *)",
          "StreamARN": {
            "Fn::GetAtt": [
              "Stream790BDEE4",
              "Arn",
            ],
          },
          "SubRedditsToFollow": "r/test1,r/test2",
          "referencetoAssetParameters054cb1e445342f40cca00b9a91cd16d3515c346e6d8c2c2fcc90df1287112fcaS3Bucket2AC17F32Ref": {
            "Ref": "AssetParameters054cb1e445342f40cca00b9a91cd16d3515c346e6d8c2c2fcc90df1287112fcaS3Bucket2AC17F32",
          },
          "referencetoAssetParameters054cb1e445342f40cca00b9a91cd16d3515c346e6d8c2c2fcc90df1287112fcaS3VersionKey5C9A8948Ref": {
            "Ref": "AssetParameters054cb1e445342f40cca00b9a91cd16d3515c346e6d8c2c2fcc90df1287112fcaS3VersionKey5C9A8948",
          },
        },
        "TemplateURL": {
          "Fn::Join": [
            "",
            [
              "https://s3.",
              {
                "Ref": "AWS::Region",
              },
              ".",
              {
                "Ref": "AWS::URLSuffix",
              },
              "/",
              {
                "Ref": "AssetParametersa9398e7cb0666fe22137031df2cb407da83ec58860a26c9fd2460acc940df504S3Bucket1CD04397",
              },
              "/",
              {
                "Fn::Select": [
                  0,
                  {
                    "Fn::Split": [
                      "||",
                      {
                        "Ref": "AssetParametersa9398e7cb0666fe22137031df2cb407da83ec58860a26c9fd2460acc940df504S3VersionKey7872D359",
                      },
                    ],
                  },
                ],
              },
              {
                "Fn::Select": [
                  1,
                  {
                    "Fn::Split": [
                      "||",
                      {
                        "Ref": "AssetParametersa9398e7cb0666fe22137031df2cb407da83ec58860a26c9fd2460acc940df504S3VersionKey7872D359",
                      },
                    ],
                  },
                ],
              },
            ],
          ],
        },
      },
      "Type": "AWS::CloudFormation::Stack",
      "UpdateReplacePolicy": "Delete",
    },
  },
}
`;
