// Jest Snapshot v1, https://goo.gl/fbAQLP

exports[`test Text Analysis Fireshose Stream Creation 1`] = `
Object {
  "Parameters": Object {
    "AssetParameters358be7f4c2e7dbf942b8403404cafa903a2068b7333c4585fb619999b41eab73ArtifactHash7CA57BB1": Object {
      "Description": "Artifact hash for asset \\"358be7f4c2e7dbf942b8403404cafa903a2068b7333c4585fb619999b41eab73\\"",
      "Type": "String",
    },
    "AssetParameters358be7f4c2e7dbf942b8403404cafa903a2068b7333c4585fb619999b41eab73S3Bucket7405AE0E": Object {
      "Description": "S3 bucket for asset \\"358be7f4c2e7dbf942b8403404cafa903a2068b7333c4585fb619999b41eab73\\"",
      "Type": "String",
    },
    "AssetParameters358be7f4c2e7dbf942b8403404cafa903a2068b7333c4585fb619999b41eab73S3VersionKey2BFA9B95": Object {
      "Description": "S3 key for asset version \\"358be7f4c2e7dbf942b8403404cafa903a2068b7333c4585fb619999b41eab73\\"",
      "Type": "String",
    },
  },
  "Resources": Object {
    "MappingsFirehoseRoleC66C52FA": Object {
      "Properties": Object {
        "AssumeRolePolicyDocument": Object {
          "Statement": Array [
            Object {
              "Action": "sts:AssumeRole",
              "Effect": "Allow",
              "Principal": Object {
                "Service": "firehose.amazonaws.com",
              },
            },
          ],
          "Version": "2012-10-17",
        },
      },
      "Type": "AWS::IAM::Role",
    },
    "MappingsFirehoseRoleDefaultPolicy997DCB56": Object {
      "Properties": Object {
        "PolicyDocument": Object {
          "Statement": Array [
            Object {
              "Action": Array [
                "s3:GetObject*",
                "s3:GetBucket*",
                "s3:List*",
                "s3:DeleteObject*",
                "s3:PutObject*",
                "s3:Abort*",
              ],
              "Effect": "Allow",
              "Resource": Array [
                Object {
                  "Fn::GetAtt": Array [
                    "mappingsbucket4AF7BD5E",
                    "Arn",
                  ],
                },
                Object {
                  "Fn::Join": Array [
                    "",
                    Array [
                      Object {
                        "Fn::GetAtt": Array [
                          "mappingsbucket4AF7BD5E",
                          "Arn",
                        ],
                      },
                      "/*",
                    ],
                  ],
                },
              ],
            },
          ],
          "Version": "2012-10-17",
        },
        "PolicyName": "MappingsFirehoseRoleDefaultPolicy997DCB56",
        "Roles": Array [
          Object {
            "Ref": "MappingsFirehoseRoleC66C52FA",
          },
        ],
      },
      "Type": "AWS::IAM::Policy",
    },
    "MappingsKinesisFirehose5E0D6FFA": Object {
      "DependsOn": Array [
        "MappingsFirehoseRoleDefaultPolicy997DCB56",
        "MappingsFirehoseRoleC66C52FA",
      ],
      "Properties": Object {
        "DeliveryStreamEncryptionConfigurationInput": Object {
          "KeyType": "AWS_OWNED_CMK",
        },
        "DeliveryStreamType": "DirectPut",
        "ExtendedS3DestinationConfiguration": Object {
          "BucketARN": Object {
            "Fn::GetAtt": Array [
              "mappingsbucket4AF7BD5E",
              "Arn",
            ],
          },
          "BufferingHints": Object {
            "IntervalInSeconds": 600,
            "SizeInMBs": 128,
          },
          "CloudWatchLoggingOptions": Object {
            "Enabled": true,
            "LogGroupName": Object {
              "Ref": "MappingsKinesisFirehosefirehoseloggroupBE9AD2E0",
            },
            "LogStreamName": Object {
              "Ref": "MappingsKinesisFirehosefirehoseloggroupfirehoselogstreamD2508995",
            },
          },
          "CompressionFormat": "UNCOMPRESSED",
          "EncryptionConfiguration": Object {
            "KMSEncryptionConfig": Object {
              "AWSKMSKeyARN": Object {
                "Fn::Join": Array [
                  "",
                  Array [
                    "arn:",
                    Object {
                      "Ref": "AWS::Partition",
                    },
                    ":kms:",
                    Object {
                      "Ref": "AWS::Region",
                    },
                    ":",
                    Object {
                      "Ref": "AWS::AccountId",
                    },
                    ":alias/aws/s3",
                  ],
                ],
              },
            },
          },
          "Prefix": "/mappings",
          "RoleARN": Object {
            "Fn::GetAtt": Array [
              "MappingsFirehoseRoleC66C52FA",
              "Arn",
            ],
          },
        },
      },
      "Type": "AWS::KinesisFirehose::DeliveryStream",
    },
    "MappingsKinesisFirehoseKinesisFirehosePolicy68E53706": Object {
      "Properties": Object {
        "PolicyDocument": Object {
          "Statement": Array [
            Object {
              "Action": Array [
                "s3:AbortMultipartUpload",
                "s3:GetBucketLocation",
                "s3:GetObject",
                "s3:ListBucket",
                "s3:ListBucketMultipartUploads",
                "s3:PutObject",
              ],
              "Effect": "Allow",
              "Resource": Array [
                Object {
                  "Fn::GetAtt": Array [
                    "mappingsbucket4AF7BD5E",
                    "Arn",
                  ],
                },
                Object {
                  "Fn::Join": Array [
                    "",
                    Array [
                      Object {
                        "Fn::GetAtt": Array [
                          "mappingsbucket4AF7BD5E",
                          "Arn",
                        ],
                      },
                      "/*",
                    ],
                  ],
                },
              ],
            },
            Object {
              "Action": "logs:PutLogEvents",
              "Effect": "Allow",
              "Resource": Object {
                "Fn::Join": Array [
                  "",
                  Array [
                    "arn:",
                    Object {
                      "Ref": "AWS::Partition",
                    },
                    ":logs:",
                    Object {
                      "Ref": "AWS::Region",
                    },
                    ":",
                    Object {
                      "Ref": "AWS::AccountId",
                    },
                    ":log-group:",
                    Object {
                      "Ref": "MappingsKinesisFirehosefirehoseloggroupBE9AD2E0",
                    },
                    ":log-stream:",
                    Object {
                      "Ref": "MappingsKinesisFirehosefirehoseloggroupfirehoselogstreamD2508995",
                    },
                  ],
                ],
              },
            },
          ],
          "Version": "2012-10-17",
        },
        "PolicyName": "MappingsKinesisFirehoseKinesisFirehosePolicy68E53706",
        "Roles": Array [
          Object {
            "Ref": "MappingsKinesisFirehoseKinesisFirehoseRole4C9908D7",
          },
        ],
      },
      "Type": "AWS::IAM::Policy",
    },
    "MappingsKinesisFirehoseKinesisFirehoseRole4C9908D7": Object {
      "Properties": Object {
        "AssumeRolePolicyDocument": Object {
          "Statement": Array [
            Object {
              "Action": "sts:AssumeRole",
              "Effect": "Allow",
              "Principal": Object {
                "Service": "firehose.amazonaws.com",
              },
            },
          ],
          "Version": "2012-10-17",
        },
      },
      "Type": "AWS::IAM::Role",
    },
    "MappingsKinesisFirehosefirehoseloggroupBE9AD2E0": Object {
      "DeletionPolicy": "Retain",
      "Metadata": Object {
        "cfn_nag": Object {
          "rules_to_suppress": Array [
            Object {
              "id": "W86",
              "reason": "Retention period for CloudWatchLogs LogGroups are set to 'Never Expire' to preserve customer data indefinitely",
            },
            Object {
              "id": "W84",
              "reason": "By default CloudWatchLogs LogGroups data is encrypted using the CloudWatch server-side encryption keys (AWS Managed Keys)",
            },
          ],
        },
      },
      "Type": "AWS::Logs::LogGroup",
      "UpdateReplacePolicy": "Retain",
    },
    "MappingsKinesisFirehosefirehoseloggroupfirehoselogstreamD2508995": Object {
      "DeletionPolicy": "Retain",
      "Properties": Object {
        "LogGroupName": Object {
          "Ref": "MappingsKinesisFirehosefirehoseloggroupBE9AD2E0",
        },
      },
      "Type": "AWS::Logs::LogStream",
      "UpdateReplacePolicy": "Retain",
    },
    "TestTAProxyLambdaFunction646B9726": Object {
      "DependsOn": Array [
        "TestTAProxyLambdaFunctionServiceRoleDefaultPolicyFC7C1A09",
        "TestTAProxyLambdaFunctionServiceRole1AE0D1E2",
      ],
      "Metadata": Object {
        "cfn_nag": Object {
          "rules_to_suppress": Array [
            Object {
              "id": "W58",
              "reason": "Lambda functions has the required permission to write CloudWatch Logs. It uses custom policy instead of arn:aws:iam::aws:policy/service-role/AWSLambdaBasicExecutionRole with tighter permissions.",
            },
            Object {
              "id": "W89",
              "reason": "This is not a rule for the general case, just for specific use cases/industries",
            },
            Object {
              "id": "W92",
              "reason": "Impossible for us to define the correct concurrency for clients",
            },
          ],
        },
      },
      "Properties": Object {
        "Code": Object {
          "S3Bucket": Object {
            "Ref": "AssetParameters358be7f4c2e7dbf942b8403404cafa903a2068b7333c4585fb619999b41eab73S3Bucket7405AE0E",
          },
          "S3Key": Object {
            "Fn::Join": Array [
              "",
              Array [
                Object {
                  "Fn::Select": Array [
                    0,
                    Object {
                      "Fn::Split": Array [
                        "||",
                        Object {
                          "Ref": "AssetParameters358be7f4c2e7dbf942b8403404cafa903a2068b7333c4585fb619999b41eab73S3VersionKey2BFA9B95",
                        },
                      ],
                    },
                  ],
                },
                Object {
                  "Fn::Select": Array [
                    1,
                    Object {
                      "Fn::Split": Array [
                        "||",
                        Object {
                          "Ref": "AssetParameters358be7f4c2e7dbf942b8403404cafa903a2068b7333c4585fb619999b41eab73S3VersionKey2BFA9B95",
                        },
                      ],
                    },
                  ],
                },
              ],
            ],
          },
        },
        "Environment": Object {
          "Variables": Object {
            "TOPICS_FIREHOSE": Object {
              "Ref": "TopicKinesisFirehose8F663708",
            },
            "TOPICS_NS": "com.analyze.inference.mapping",
            "TOPIC_MAPPINGS_FIREHOSE": Object {
              "Ref": "MappingsKinesisFirehose5E0D6FFA",
            },
            "TOPIC_MAPPINGS_NS": "com.analyze.inferece.topic",
          },
        },
        "Handler": "lambda_function.handler",
        "MemorySize": 256,
        "Role": Object {
          "Fn::GetAtt": Array [
            "TestTAProxyLambdaFunctionServiceRole1AE0D1E2",
            "Arn",
          ],
        },
        "Runtime": "python3.8",
        "Timeout": 600,
        "TracingConfig": Object {
          "Mode": "Active",
        },
      },
      "Type": "AWS::Lambda::Function",
    },
    "TestTAProxyLambdaFunctionServiceRole1AE0D1E2": Object {
      "Properties": Object {
        "AssumeRolePolicyDocument": Object {
          "Statement": Array [
            Object {
              "Action": "sts:AssumeRole",
              "Effect": "Allow",
              "Principal": Object {
                "Service": "lambda.amazonaws.com",
              },
            },
          ],
          "Version": "2012-10-17",
        },
        "Policies": Array [
          Object {
            "PolicyDocument": Object {
              "Statement": Array [
                Object {
                  "Action": Array [
                    "logs:CreateLogGroup",
                    "logs:CreateLogStream",
                    "logs:PutLogEvents",
                  ],
                  "Effect": "Allow",
                  "Resource": Object {
                    "Fn::Join": Array [
                      "",
                      Array [
                        "arn:",
                        Object {
                          "Ref": "AWS::Partition",
                        },
                        ":logs:",
                        Object {
                          "Ref": "AWS::Region",
                        },
                        ":",
                        Object {
                          "Ref": "AWS::AccountId",
                        },
                        ":log-group:/aws/lambda/*",
                      ],
                    ],
                  },
                },
              ],
              "Version": "2012-10-17",
            },
            "PolicyName": "LambdaFunctionServiceRolePolicy",
          },
        ],
      },
      "Type": "AWS::IAM::Role",
    },
    "TestTAProxyLambdaFunctionServiceRoleDefaultPolicyFC7C1A09": Object {
      "Metadata": Object {
        "cfn_nag": Object {
          "rules_to_suppress": Array [
            Object {
              "id": "W12",
              "reason": "Lambda needs the following minimum required permissions to send trace data to X-Ray and access ENIs in a VPC.",
            },
          ],
        },
      },
      "Properties": Object {
        "PolicyDocument": Object {
          "Statement": Array [
            Object {
              "Action": Array [
                "xray:PutTraceSegments",
                "xray:PutTelemetryRecords",
              ],
              "Effect": "Allow",
              "Resource": "*",
            },
            Object {
              "Action": Array [
                "firehose:PutRecord",
                "firehose:PutRecordBatch",
              ],
              "Effect": "Allow",
              "Resource": Array [
                Object {
                  "Fn::Join": Array [
                    "",
                    Array [
                      "arn:",
                      Object {
                        "Ref": "AWS::Partition",
                      },
                      ":firehose:",
                      Object {
                        "Ref": "AWS::Region",
                      },
                      ":",
                      Object {
                        "Ref": "AWS::AccountId",
                      },
                      ":deliverystream/",
                      Object {
                        "Ref": "TopicKinesisFirehose8F663708",
                      },
                    ],
                  ],
                },
                Object {
                  "Fn::Join": Array [
                    "",
                    Array [
                      "arn:",
                      Object {
                        "Ref": "AWS::Partition",
                      },
                      ":firehose:",
                      Object {
                        "Ref": "AWS::Region",
                      },
                      ":",
                      Object {
                        "Ref": "AWS::AccountId",
                      },
                      ":deliverystream/",
                      Object {
                        "Ref": "MappingsKinesisFirehose5E0D6FFA",
                      },
                    ],
                  ],
                },
              ],
            },
          ],
          "Version": "2012-10-17",
        },
        "PolicyName": "TestTAProxyLambdaFunctionServiceRoleDefaultPolicyFC7C1A09",
        "Roles": Array [
          Object {
            "Ref": "TestTAProxyLambdaFunctionServiceRole1AE0D1E2",
          },
        ],
      },
      "Type": "AWS::IAM::Policy",
    },
    "TopicFirehoseRoleCE52DEAF": Object {
      "Properties": Object {
        "AssumeRolePolicyDocument": Object {
          "Statement": Array [
            Object {
              "Action": "sts:AssumeRole",
              "Effect": "Allow",
              "Principal": Object {
                "Service": "firehose.amazonaws.com",
              },
            },
          ],
          "Version": "2012-10-17",
        },
      },
      "Type": "AWS::IAM::Role",
    },
    "TopicFirehoseRoleDefaultPolicyD8DD6E87": Object {
      "Properties": Object {
        "PolicyDocument": Object {
          "Statement": Array [
            Object {
              "Action": Array [
                "s3:GetObject*",
                "s3:GetBucket*",
                "s3:List*",
                "s3:DeleteObject*",
                "s3:PutObject*",
                "s3:Abort*",
              ],
              "Effect": "Allow",
              "Resource": Array [
                Object {
                  "Fn::GetAtt": Array [
                    "topics8661C816",
                    "Arn",
                  ],
                },
                Object {
                  "Fn::Join": Array [
                    "",
                    Array [
                      Object {
                        "Fn::GetAtt": Array [
                          "topics8661C816",
                          "Arn",
                        ],
                      },
                      "/*",
                    ],
                  ],
                },
              ],
            },
          ],
          "Version": "2012-10-17",
        },
        "PolicyName": "TopicFirehoseRoleDefaultPolicyD8DD6E87",
        "Roles": Array [
          Object {
            "Ref": "TopicFirehoseRoleCE52DEAF",
          },
        ],
      },
      "Type": "AWS::IAM::Policy",
    },
    "TopicKinesisFirehose8F663708": Object {
      "DependsOn": Array [
        "TopicFirehoseRoleDefaultPolicyD8DD6E87",
        "TopicFirehoseRoleCE52DEAF",
      ],
      "Properties": Object {
        "DeliveryStreamEncryptionConfigurationInput": Object {
          "KeyType": "AWS_OWNED_CMK",
        },
        "DeliveryStreamType": "DirectPut",
        "ExtendedS3DestinationConfiguration": Object {
          "BucketARN": Object {
            "Fn::GetAtt": Array [
              "topics8661C816",
              "Arn",
            ],
          },
          "BufferingHints": Object {
            "IntervalInSeconds": 600,
            "SizeInMBs": 128,
          },
          "CloudWatchLoggingOptions": Object {
            "Enabled": true,
            "LogGroupName": Object {
              "Ref": "TopicKinesisFirehosefirehoseloggroupAA816077",
            },
            "LogStreamName": Object {
              "Ref": "TopicKinesisFirehosefirehoseloggroupfirehoselogstreamB6B49275",
            },
          },
          "CompressionFormat": "UNCOMPRESSED",
          "EncryptionConfiguration": Object {
            "KMSEncryptionConfig": Object {
              "AWSKMSKeyARN": Object {
                "Fn::Join": Array [
                  "",
                  Array [
                    "arn:",
                    Object {
                      "Ref": "AWS::Partition",
                    },
                    ":kms:",
                    Object {
                      "Ref": "AWS::Region",
                    },
                    ":",
                    Object {
                      "Ref": "AWS::AccountId",
                    },
                    ":alias/aws/s3",
                  ],
                ],
              },
            },
          },
          "Prefix": "/topic",
          "RoleARN": Object {
            "Fn::GetAtt": Array [
              "TopicFirehoseRoleCE52DEAF",
              "Arn",
            ],
          },
        },
      },
      "Type": "AWS::KinesisFirehose::DeliveryStream",
    },
    "TopicKinesisFirehoseKinesisFirehosePolicyEC75E12A": Object {
      "Properties": Object {
        "PolicyDocument": Object {
          "Statement": Array [
            Object {
              "Action": Array [
                "s3:AbortMultipartUpload",
                "s3:GetBucketLocation",
                "s3:GetObject",
                "s3:ListBucket",
                "s3:ListBucketMultipartUploads",
                "s3:PutObject",
              ],
              "Effect": "Allow",
              "Resource": Array [
                Object {
                  "Fn::GetAtt": Array [
                    "topics8661C816",
                    "Arn",
                  ],
                },
                Object {
                  "Fn::Join": Array [
                    "",
                    Array [
                      Object {
                        "Fn::GetAtt": Array [
                          "topics8661C816",
                          "Arn",
                        ],
                      },
                      "/*",
                    ],
                  ],
                },
              ],
            },
            Object {
              "Action": "logs:PutLogEvents",
              "Effect": "Allow",
              "Resource": Object {
                "Fn::Join": Array [
                  "",
                  Array [
                    "arn:",
                    Object {
                      "Ref": "AWS::Partition",
                    },
                    ":logs:",
                    Object {
                      "Ref": "AWS::Region",
                    },
                    ":",
                    Object {
                      "Ref": "AWS::AccountId",
                    },
                    ":log-group:",
                    Object {
                      "Ref": "TopicKinesisFirehosefirehoseloggroupAA816077",
                    },
                    ":log-stream:",
                    Object {
                      "Ref": "TopicKinesisFirehosefirehoseloggroupfirehoselogstreamB6B49275",
                    },
                  ],
                ],
              },
            },
          ],
          "Version": "2012-10-17",
        },
        "PolicyName": "TopicKinesisFirehoseKinesisFirehosePolicyEC75E12A",
        "Roles": Array [
          Object {
            "Ref": "TopicKinesisFirehoseKinesisFirehoseRoleA113EEB3",
          },
        ],
      },
      "Type": "AWS::IAM::Policy",
    },
    "TopicKinesisFirehoseKinesisFirehoseRoleA113EEB3": Object {
      "Properties": Object {
        "AssumeRolePolicyDocument": Object {
          "Statement": Array [
            Object {
              "Action": "sts:AssumeRole",
              "Effect": "Allow",
              "Principal": Object {
                "Service": "firehose.amazonaws.com",
              },
            },
          ],
          "Version": "2012-10-17",
        },
      },
      "Type": "AWS::IAM::Role",
    },
    "TopicKinesisFirehosefirehoseloggroupAA816077": Object {
      "DeletionPolicy": "Retain",
      "Metadata": Object {
        "cfn_nag": Object {
          "rules_to_suppress": Array [
            Object {
              "id": "W86",
              "reason": "Retention period for CloudWatchLogs LogGroups are set to 'Never Expire' to preserve customer data indefinitely",
            },
            Object {
              "id": "W84",
              "reason": "By default CloudWatchLogs LogGroups data is encrypted using the CloudWatch server-side encryption keys (AWS Managed Keys)",
            },
          ],
        },
      },
      "Type": "AWS::Logs::LogGroup",
      "UpdateReplacePolicy": "Retain",
    },
    "TopicKinesisFirehosefirehoseloggroupfirehoselogstreamB6B49275": Object {
      "DeletionPolicy": "Retain",
      "Properties": Object {
        "LogGroupName": Object {
          "Ref": "TopicKinesisFirehosefirehoseloggroupAA816077",
        },
      },
      "Type": "AWS::Logs::LogStream",
      "UpdateReplacePolicy": "Retain",
    },
    "mappingsbucket4AF7BD5E": Object {
      "DeletionPolicy": "Retain",
      "Properties": Object {
        "BucketEncryption": Object {
          "ServerSideEncryptionConfiguration": Array [
            Object {
              "ServerSideEncryptionByDefault": Object {
                "SSEAlgorithm": "AES256",
              },
            },
          ],
        },
      },
      "Type": "AWS::S3::Bucket",
      "UpdateReplacePolicy": "Retain",
    },
    "topics8661C816": Object {
      "DeletionPolicy": "Retain",
      "Properties": Object {
        "BucketEncryption": Object {
          "ServerSideEncryptionConfiguration": Array [
            Object {
              "ServerSideEncryptionByDefault": Object {
                "SSEAlgorithm": "AES256",
              },
            },
          ],
        },
      },
      "Type": "AWS::S3::Bucket",
      "UpdateReplacePolicy": "Retain",
    },
  },
}
`;
