// Jest Snapshot v1, https://goo.gl/fbAQLP

exports[`Event Bus creation 1`] = `
Object {
  "Parameters": Object {
    "AssetParameters92bb767e2980540b32ef0d403906d1b57004ab840bbeba0bf32b063c26f7e2deArtifactHash2AF6C8BC": Object {
      "Description": "Artifact hash for asset \\"92bb767e2980540b32ef0d403906d1b57004ab840bbeba0bf32b063c26f7e2de\\"",
      "Type": "String",
    },
    "AssetParameters92bb767e2980540b32ef0d403906d1b57004ab840bbeba0bf32b063c26f7e2deS3Bucket1A1B9794": Object {
      "Description": "S3 bucket for asset \\"92bb767e2980540b32ef0d403906d1b57004ab840bbeba0bf32b063c26f7e2de\\"",
      "Type": "String",
    },
    "AssetParameters92bb767e2980540b32ef0d403906d1b57004ab840bbeba0bf32b063c26f7e2deS3VersionKeyD1737891": Object {
      "Description": "S3 key for asset version \\"92bb767e2980540b32ef0d403906d1b57004ab840bbeba0bf32b063c26f7e2de\\"",
      "Type": "String",
    },
    "AssetParameterse037fea94b42ea69f1522c11ecde509519b9c153a94f3b96f9c8d28a67bcd6c0ArtifactHash1711CE02": Object {
      "Description": "Artifact hash for asset \\"e037fea94b42ea69f1522c11ecde509519b9c153a94f3b96f9c8d28a67bcd6c0\\"",
      "Type": "String",
    },
    "AssetParameterse037fea94b42ea69f1522c11ecde509519b9c153a94f3b96f9c8d28a67bcd6c0S3Bucket1EA20610": Object {
      "Description": "S3 bucket for asset \\"e037fea94b42ea69f1522c11ecde509519b9c153a94f3b96f9c8d28a67bcd6c0\\"",
      "Type": "String",
    },
    "AssetParameterse037fea94b42ea69f1522c11ecde509519b9c153a94f3b96f9c8d28a67bcd6c0S3VersionKey27431261": Object {
      "Description": "S3 key for asset version \\"e037fea94b42ea69f1522c11ecde509519b9c153a94f3b96f9c8d28a67bcd6c0\\"",
      "Type": "String",
    },
  },
  "Resources": Object {
    "TwitterSearchNestedStackTwitterSearchNestedStackResource6905E30B": Object {
      "DeletionPolicy": "Delete",
      "Properties": Object {
        "Parameters": Object {
          "EventBus": Object {
            "Fn::GetAtt": Array [
              "testBus07EAAD3A",
              "Arn",
            ],
          },
          "IngestQueryFrequency": "cron(0 5 * * ? *)",
          "QueryParameter": "fakequery",
          "SSMPathForCredentials": "/discovering-hot-topics-using-machine-learning/discovering-hot-topics-using-machine-learning/twitter",
          "SuppertedLang": "en,es,fr",
          "referencetoAssetParameters92bb767e2980540b32ef0d403906d1b57004ab840bbeba0bf32b063c26f7e2deS3Bucket1A1B9794Ref": Object {
            "Ref": "AssetParameters92bb767e2980540b32ef0d403906d1b57004ab840bbeba0bf32b063c26f7e2deS3Bucket1A1B9794",
          },
          "referencetoAssetParameters92bb767e2980540b32ef0d403906d1b57004ab840bbeba0bf32b063c26f7e2deS3VersionKeyD1737891Ref": Object {
            "Ref": "AssetParameters92bb767e2980540b32ef0d403906d1b57004ab840bbeba0bf32b063c26f7e2deS3VersionKeyD1737891",
          },
        },
        "TemplateURL": Object {
          "Fn::Join": Array [
            "",
            Array [
              "https://s3.",
              Object {
                "Ref": "AWS::Region",
              },
              ".",
              Object {
                "Ref": "AWS::URLSuffix",
              },
              "/",
              Object {
                "Ref": "AssetParameterse037fea94b42ea69f1522c11ecde509519b9c153a94f3b96f9c8d28a67bcd6c0S3Bucket1EA20610",
              },
              "/",
              Object {
                "Fn::Select": Array [
                  0,
                  Object {
                    "Fn::Split": Array [
                      "||",
                      Object {
                        "Ref": "AssetParameterse037fea94b42ea69f1522c11ecde509519b9c153a94f3b96f9c8d28a67bcd6c0S3VersionKey27431261",
                      },
                    ],
                  },
                ],
              },
              Object {
                "Fn::Select": Array [
                  1,
                  Object {
                    "Fn::Split": Array [
                      "||",
                      Object {
                        "Ref": "AssetParameterse037fea94b42ea69f1522c11ecde509519b9c153a94f3b96f9c8d28a67bcd6c0S3VersionKey27431261",
                      },
                    ],
                  },
                ],
              },
            ],
          ],
        },
      },
      "Type": "AWS::CloudFormation::Stack",
      "UpdateReplacePolicy": "Delete",
    },
    "testBus07EAAD3A": Object {
      "Properties": Object {
        "Name": "testBus",
      },
      "Type": "AWS::Events::EventBus",
    },
  },
}
`;
