// Jest Snapshot v1, https://goo.gl/fbAQLP

exports[`test youtube ingestion stack 1`] = `
Object {
  "Conditions": Object {
    "AwsCdkKinesisEncryptedStreamsUnsupportedRegions": Object {
      "Fn::Or": Array [
        Object {
          "Fn::Equals": Array [
            Object {
              "Ref": "AWS::Region",
            },
            "cn-north-1",
          ],
        },
        Object {
          "Fn::Equals": Array [
            Object {
              "Ref": "AWS::Region",
            },
            "cn-northwest-1",
          ],
        },
      ],
    },
  },
  "Parameters": Object {
    "AssetParameters835d25c01facf67a2378ae695047bfef5a5d4b800588e010e46dfe4da61a4551ArtifactHash3ED0C2FB": Object {
      "Description": "Artifact hash for asset \\"835d25c01facf67a2378ae695047bfef5a5d4b800588e010e46dfe4da61a4551\\"",
      "Type": "String",
    },
    "AssetParameters835d25c01facf67a2378ae695047bfef5a5d4b800588e010e46dfe4da61a4551S3Bucket493A15B5": Object {
      "Description": "S3 bucket for asset \\"835d25c01facf67a2378ae695047bfef5a5d4b800588e010e46dfe4da61a4551\\"",
      "Type": "String",
    },
    "AssetParameters835d25c01facf67a2378ae695047bfef5a5d4b800588e010e46dfe4da61a4551S3VersionKey42A97E15": Object {
      "Description": "S3 key for asset version \\"835d25c01facf67a2378ae695047bfef5a5d4b800588e010e46dfe4da61a4551\\"",
      "Type": "String",
    },
    "AssetParametersdfeb1ba00762c50e03e0442ee6b634d7d2b75158538838b00cb194b8885e325eArtifactHash51B0C8EF": Object {
      "Description": "Artifact hash for asset \\"dfeb1ba00762c50e03e0442ee6b634d7d2b75158538838b00cb194b8885e325e\\"",
      "Type": "String",
    },
    "AssetParametersdfeb1ba00762c50e03e0442ee6b634d7d2b75158538838b00cb194b8885e325eS3Bucket4A8BF259": Object {
      "Description": "S3 bucket for asset \\"dfeb1ba00762c50e03e0442ee6b634d7d2b75158538838b00cb194b8885e325e\\"",
      "Type": "String",
    },
    "AssetParametersdfeb1ba00762c50e03e0442ee6b634d7d2b75158538838b00cb194b8885e325eS3VersionKeyF30FD9AB": Object {
      "Description": "S3 key for asset version \\"dfeb1ba00762c50e03e0442ee6b634d7d2b75158538838b00cb194b8885e325e\\"",
      "Type": "String",
    },
  },
  "Resources": Object {
    "BusEA82B648": Object {
      "Properties": Object {
        "Name": "Bus",
      },
      "Type": "AWS::Events::EventBus",
    },
    "Stream790BDEE4": Object {
      "Properties": Object {
        "RetentionPeriodHours": 24,
        "ShardCount": 1,
        "StreamEncryption": Object {
          "Fn::If": Array [
            "AwsCdkKinesisEncryptedStreamsUnsupportedRegions",
            Object {
              "Ref": "AWS::NoValue",
            },
            Object {
              "EncryptionType": "KMS",
              "KeyId": "alias/aws/kinesis",
            },
          ],
        },
        "StreamModeDetails": Object {
          "StreamMode": "PROVISIONED",
        },
      },
      "Type": "AWS::Kinesis::Stream",
    },
    "YouTubeCommentsIngestionNestedStackYouTubeCommentsIngestionNestedStackResource900B4A6F": Object {
      "DeletionPolicy": "Delete",
      "Properties": Object {
        "Parameters": Object {
          "EventBus": Object {
            "Fn::GetAtt": Array [
              "BusEA82B648",
              "Arn",
            ],
          },
          "StreamARN": Object {
            "Fn::GetAtt": Array [
              "Stream790BDEE4",
              "Arn",
            ],
          },
          "YouTubeSearchIngestionFreq": "cron(0 12 * * ? *)",
          "YoutubeAPIKey": "fakeKey",
          "YoutubeSearchQuery": "fakeSearchString",
          "referencetoAssetParametersdfeb1ba00762c50e03e0442ee6b634d7d2b75158538838b00cb194b8885e325eS3Bucket4A8BF259Ref": Object {
            "Ref": "AssetParametersdfeb1ba00762c50e03e0442ee6b634d7d2b75158538838b00cb194b8885e325eS3Bucket4A8BF259",
          },
          "referencetoAssetParametersdfeb1ba00762c50e03e0442ee6b634d7d2b75158538838b00cb194b8885e325eS3VersionKeyF30FD9ABRef": Object {
            "Ref": "AssetParametersdfeb1ba00762c50e03e0442ee6b634d7d2b75158538838b00cb194b8885e325eS3VersionKeyF30FD9AB",
          },
        },
        "TemplateURL": Object {
          "Fn::Join": Array [
            "",
            Array [
              "https://s3.",
              Object {
                "Ref": "AWS::Region",
              },
              ".",
              Object {
                "Ref": "AWS::URLSuffix",
              },
              "/",
              Object {
                "Ref": "AssetParameters835d25c01facf67a2378ae695047bfef5a5d4b800588e010e46dfe4da61a4551S3Bucket493A15B5",
              },
              "/",
              Object {
                "Fn::Select": Array [
                  0,
                  Object {
                    "Fn::Split": Array [
                      "||",
                      Object {
                        "Ref": "AssetParameters835d25c01facf67a2378ae695047bfef5a5d4b800588e010e46dfe4da61a4551S3VersionKey42A97E15",
                      },
                    ],
                  },
                ],
              },
              Object {
                "Fn::Select": Array [
                  1,
                  Object {
                    "Fn::Split": Array [
                      "||",
                      Object {
                        "Ref": "AssetParameters835d25c01facf67a2378ae695047bfef5a5d4b800588e010e46dfe4da61a4551S3VersionKey42A97E15",
                      },
                    ],
                  },
                ],
              },
            ],
          ],
        },
      },
      "Type": "AWS::CloudFormation::Stack",
      "UpdateReplacePolicy": "Delete",
    },
  },
}
`;
